UDEV  [7202.588124] unbind   /devices/pci0000:00/0000:00:08.1/0000:0d:00.4/usb5/5-2/5-2.1/5-2.1.2 (usb)
ACTION=unbind
DEVPATH=/devices/pci0000:00/0000:00:08.1/0000:0d:00.4/usb5/5-2/5-2.1/5-2.1.2
SUBSYSTEM=usb
DEVNAME=/dev/bus/usb/005/004
DEVTYPE=usb_device
PRODUCT=1532/83/200
TYPE=0/0/0
BUSNUM=005
DEVNUM=004
SEQNUM=8216
USEC_INITIALIZED=7253488
ID_PATH_WITH_USB_REVISION=pci-0000:0d:00.4-usbv2-0:2.1.2
ID_PATH=pci-0000:0d:00.4-usb-0:2.1.2
ID_PATH_TAG=pci-0000_0d_00_4-usb-0_2_1_2
MAJOR=189
MINOR=515
TAGS=:seat:

UDEV  [7202.589344] remove   /devices/pci0000:00/0000:00:08.1/0000:0d:00.4/usb5/5-2/5-2.1/5-2.1.2 (usb)
ACTION=remove
DEVPATH=/devices/pci0000:00/0000:00:08.1/0000:0d:00.4/usb5/5-2/5-2.1/5-2.1.2
SUBSYSTEM=usb
DEVNAME=/dev/bus/usb/005/004
DEVTYPE=usb_device
PRODUCT=1532/83/200
TYPE=0/0/0
BUSNUM=005
DEVNUM=004
SEQNUM=8217
USEC_INITIALIZED=7253488
ID_PATH_WITH_USB_REVISION=pci-0000:0d:00.4-usbv2-0:2.1.2
ID_PATH=pci-0000:0d:00.4-usb-0:2.1.2
ID_PATH_TAG=pci-0000_0d_00_4-usb-0_2_1_2
MAJOR=189
MINOR=515
TAGS=:seat:

UDEV  [7229.999828] add      /devices/pci0000:00/0000:00:08.1/0000:0d:00.4/usb5/5-2/5-2.1/5-2.1.2 (usb)
ACTION=add
DEVPATH=/devices/pci0000:00/0000:00:08.1/0000:0d:00.4/usb5/5-2/5-2.1/5-2.1.2
SUBSYSTEM=usb
DEVNAME=/dev/bus/usb/005/053
DEVTYPE=usb_device
PRODUCT=1532/83/200
TYPE=0/0/0
BUSNUM=005
DEVNUM=053
SEQNUM=8218
DRIVER=usb
USEC_INITIALIZED=7229745704
ID_BUS=usb
ID_MODEL=Razer_Basilisk_X_HyperSpeed
ID_MODEL_ENC=Razer\x20Basilisk\x20X\x20HyperSpeed
ID_MODEL_ID=0083
ID_SERIAL=Razer_Razer_Basilisk_X_HyperSpeed
ID_VENDOR=Razer
ID_VENDOR_ENC=Razer
ID_VENDOR_ID=1532
ID_REVISION=0200
ID_USB_MODEL=Razer_Basilisk_X_HyperSpeed
ID_USB_MODEL_ENC=Razer\x20Basilisk\x20X\x20HyperSpeed
ID_USB_MODEL_ID=0083
ID_USB_SERIAL=Razer_Razer_Basilisk_X_HyperSpeed
ID_USB_VENDOR=Razer
ID_USB_VENDOR_ENC=Razer
ID_USB_VENDOR_ID=1532
ID_USB_REVISION=0200
ID_USB_INTERFACES=:030102:030001:
ID_VENDOR_FROM_DATABASE=Razer USA, Ltd
ID_MODEL_FROM_DATABASE=RC30-0315, Gaming Mouse [Basilisk X HyperSpeed]
ID_PATH_WITH_USB_REVISION=pci-0000:0d:00.4-usbv2-0:2.1.2
ID_PATH=pci-0000:0d:00.4-usb-0:2.1.2
ID_PATH_TAG=pci-0000_0d_00_4-usb-0_2_1_2
ID_FOR_SEAT=usb-pci-0000_0d_00_4-usb-0_2_1_2
MAJOR=189
MINOR=564
TAGS=:seat:
CURRENT_TAGS=:seat:

UDEV  [7230.002811] change   /devices/pci0000:00/0000:00:08.1/0000:0d:00.4/usb5/5-2/5-2.1/5-2.1.2 (usb)
ACTION=change
DEVPATH=/devices/pci0000:00/0000:00:08.1/0000:0d:00.4/usb5/5-2/5-2.1/5-2.1.2
SUBSYSTEM=usb
DEVNAME=/dev/bus/usb/005/053
DEVTYPE=usb_device
DRIVER=usb
PRODUCT=1532/83/200
TYPE=0/0/0
BUSNUM=005
DEVNUM=053
SEQNUM=8219
USEC_INITIALIZED=7229745704
ID_BUS=usb
ID_MODEL=Razer_Basilisk_X_HyperSpeed
ID_MODEL_ENC=Razer\x20Basilisk\x20X\x20HyperSpeed
ID_MODEL_ID=0083
ID_SERIAL=Razer_Razer_Basilisk_X_HyperSpeed
ID_VENDOR=Razer
ID_VENDOR_ENC=Razer
ID_VENDOR_ID=1532
ID_REVISION=0200
ID_USB_MODEL=Razer_Basilisk_X_HyperSpeed
ID_USB_MODEL_ENC=Razer\x20Basilisk\x20X\x20HyperSpeed
ID_USB_MODEL_ID=0083
ID_USB_SERIAL=Razer_Razer_Basilisk_X_HyperSpeed
ID_USB_VENDOR=Razer
ID_USB_VENDOR_ENC=Razer
ID_USB_VENDOR_ID=1532
ID_USB_REVISION=0200
ID_USB_INTERFACES=:030102:030001:
ID_VENDOR_FROM_DATABASE=Razer USA, Ltd
ID_MODEL_FROM_DATABASE=RC30-0315, Gaming Mouse [Basilisk X HyperSpeed]
ID_PATH_WITH_USB_REVISION=pci-0000:0d:00.4-usbv2-0:2.1.2
ID_PATH=pci-0000:0d:00.4-usb-0:2.1.2
ID_PATH_TAG=pci-0000_0d_00_4-usb-0_2_1_2
NVME_HOST_IFACE=none
ID_FOR_SEAT=usb-pci-0000_0d_00_4-usb-0_2_1_2
MAJOR=189
MINOR=564
TAGS=:seat:
CURRENT_TAGS=:seat:

UDEV  [7230.106220] bind     /devices/pci0000:00/0000:00:08.1/0000:0d:00.4/usb5/5-2/5-2.1/5-2.1.2 (usb)
ACTION=bind
DEVPATH=/devices/pci0000:00/0000:00:08.1/0000:0d:00.4/usb5/5-2/5-2.1/5-2.1.2
SUBSYSTEM=usb
DEVNAME=/dev/bus/usb/005/053
DEVTYPE=usb_device
DRIVER=usb
PRODUCT=1532/83/200
TYPE=0/0/0
BUSNUM=005
DEVNUM=053
SEQNUM=8250
USEC_INITIALIZED=7229745704
ID_BUS=usb
ID_MODEL=Razer_Basilisk_X_HyperSpeed
ID_MODEL_ENC=Razer\x20Basilisk\x20X\x20HyperSpeed
ID_MODEL_ID=0083
ID_SERIAL=Razer_Razer_Basilisk_X_HyperSpeed
ID_VENDOR=Razer
ID_VENDOR_ENC=Razer
ID_VENDOR_ID=1532
ID_REVISION=0200
ID_USB_MODEL=Razer_Basilisk_X_HyperSpeed
ID_USB_MODEL_ENC=Razer\x20Basilisk\x20X\x20HyperSpeed
ID_USB_MODEL_ID=0083
ID_USB_SERIAL=Razer_Razer_Basilisk_X_HyperSpeed
ID_USB_VENDOR=Razer
ID_USB_VENDOR_ENC=Razer
ID_USB_VENDOR_ID=1532
ID_USB_REVISION=0200
ID_USB_INTERFACES=:030102:030001:
ID_VENDOR_FROM_DATABASE=Razer USA, Ltd
ID_MODEL_FROM_DATABASE=RC30-0315, Gaming Mouse [Basilisk X HyperSpeed]
ID_PATH_WITH_USB_REVISION=pci-0000:0d:00.4-usbv2-0:2.1.2
ID_PATH=pci-0000:0d:00.4-usb-0:2.1.2
ID_PATH_TAG=pci-0000_0d_00_4-usb-0_2_1_2
ID_FOR_SEAT=usb-pci-0000_0d_00_4-usb-0_2_1_2
MAJOR=189
MINOR=564
TAGS=:seat:
CURRENT_TAGS=:seat:

