junjie@paopao:~$ lsusb
Bus 001 Device 001: ID 1d6b:0002 Linux Foundation 2.0 root hub
Bus 001 Device 002: ID 0b05:19af ASUSTek Computer, Inc. AURA LED Controller
Bus 001 Device 003: ID 13d3:3563 IMC Networks Wireless_Device
Bus 002 Device 001: ID 1d6b:0003 Linux Foundation 3.0 root hub
Bus 003 Device 001: ID 1d6b:0002 Linux Foundation 2.0 root hub
Bus 004 Device 001: ID 1d6b:0003 Linux Foundation 3.0 root hub
Bus 005 Device 001: ID 1d6b:0002 Linux Foundation 2.0 root hub
Bus 005 Device 002: ID 05e3:0610 Genesys Logic, Inc. Hub
Bus 005 Device 003: ID 05e3:0610 Genesys Logic, Inc. Hub
Bus 005 Device 004: ID 1532:0083 Razer USA, Ltd RC30-0315, Gaming Mouse [Basilisk X HyperSpeed]
Bus 005 Device 045: ID 2dc8:3106 8BitDo 8BitDo Ultimate wireless Controller for PC
Bus 006 Device 001: ID 1d6b:0003 Linux Foundation 3.0 root hub
Bus 006 Device 002: ID 05e3:0620 Genesys Logic, Inc. GL3523 Hub
Bus 006 Device 003: ID 05e3:0620 Genesys Logic, Inc. GL3523 Hub
Bus 007 Device 001: ID 1d6b:0002 Linux Foundation 2.0 root hub
junjie@paopao:~$ udevadm monitor --property --udev --subsystem-match=usb/usb_device
monitor will print the received events for:
UDEV - the event which udev sends out after rule processing

UDEV  [5782.240824] add      /devices/pci0000:00/0000:00:08.1/0000:0d:00.4/usb5/5-2/5-2.1/5-2.1.4 (usb)
ACTION=add
DEVPATH=/devices/pci0000:00/0000:00:08.1/0000:0d:00.4/usb5/5-2/5-2.1/5-2.1.4
SUBSYSTEM=usb
DEVNAME=/dev/bus/usb/005/046
DEVTYPE=usb_device
PRODUCT=5ac/24f/108
TYPE=0/0/0
BUSNUM=005
DEVNUM=046
SEQNUM=7939
DRIVER=usb
USEC_INITIALIZED=5782084291
ID_BUS=usb
ID_MODEL=Keychron_K6
ID_MODEL_ENC=Keychron\x20K6
ID_MODEL_ID=024f
ID_SERIAL=Keychron_Keychron_K6
ID_VENDOR=Keychron
ID_VENDOR_ENC=Keychron
ID_VENDOR_ID=05ac
ID_REVISION=0108
ID_USB_MODEL=Keychron_K6
ID_USB_MODEL_ENC=Keychron\x20K6
ID_USB_MODEL_ID=024f
ID_USB_SERIAL=Keychron_Keychron_K6
ID_USB_VENDOR=Keychron
ID_USB_VENDOR_ENC=Keychron
ID_USB_VENDOR_ID=05ac
ID_USB_REVISION=0108
ID_USB_INTERFACES=:030101:030102:
ID_VENDOR_FROM_DATABASE=Apple, Inc.
ID_MODEL_FROM_DATABASE=Aluminium Keyboard (ANSI)
ID_PATH_WITH_USB_REVISION=pci-0000:0d:00.4-usbv2-0:2.1.4
ID_PATH=pci-0000:0d:00.4-usb-0:2.1.4
ID_PATH_TAG=pci-0000_0d_00_4-usb-0_2_1_4
ID_FOR_SEAT=usb-pci-0000_0d_00_4-usb-0_2_1_4
MAJOR=189
MINOR=557
TAGS=:seat:
CURRENT_TAGS=:seat:

UDEV  [5782.243166] change   /devices/pci0000:00/0000:00:08.1/0000:0d:00.4/usb5/5-2/5-2.1/5-2.1.4 (usb)
ACTION=change
DEVPATH=/devices/pci0000:00/0000:00:08.1/0000:0d:00.4/usb5/5-2/5-2.1/5-2.1.4
SUBSYSTEM=usb
DEVNAME=/dev/bus/usb/005/046
DEVTYPE=usb_device
DRIVER=usb
PRODUCT=5ac/24f/108
TYPE=0/0/0
BUSNUM=005
DEVNUM=046
SEQNUM=7940
USEC_INITIALIZED=5782084291
ID_BUS=usb
ID_MODEL=Keychron_K6
ID_MODEL_ENC=Keychron\x20K6
ID_MODEL_ID=024f
ID_SERIAL=Keychron_Keychron_K6
ID_VENDOR=Keychron
ID_VENDOR_ENC=Keychron
ID_VENDOR_ID=05ac
ID_REVISION=0108
ID_USB_MODEL=Keychron_K6
ID_USB_MODEL_ENC=Keychron\x20K6
ID_USB_MODEL_ID=024f
ID_USB_SERIAL=Keychron_Keychron_K6
ID_USB_VENDOR=Keychron
ID_USB_VENDOR_ENC=Keychron
ID_USB_VENDOR_ID=05ac
ID_USB_REVISION=0108
ID_USB_INTERFACES=:030101:030102:
ID_VENDOR_FROM_DATABASE=Apple, Inc.
ID_MODEL_FROM_DATABASE=Aluminium Keyboard (ANSI)
ID_PATH_WITH_USB_REVISION=pci-0000:0d:00.4-usbv2-0:2.1.4
ID_PATH=pci-0000:0d:00.4-usb-0:2.1.4
ID_PATH_TAG=pci-0000_0d_00_4-usb-0_2_1_4
NVME_HOST_IFACE=none
ID_FOR_SEAT=usb-pci-0000_0d_00_4-usb-0_2_1_4
MAJOR=189
MINOR=557
TAGS=:seat:
CURRENT_TAGS=:seat:

UDEV  [5782.309818] bind     /devices/pci0000:00/0000:00:08.1/0000:0d:00.4/usb5/5-2/5-2.1/5-2.1.4 (usb)
ACTION=bind
DEVPATH=/devices/pci0000:00/0000:00:08.1/0000:0d:00.4/usb5/5-2/5-2.1/5-2.1.4
SUBSYSTEM=usb
DEVNAME=/dev/bus/usb/005/046
DEVTYPE=usb_device
DRIVER=usb
PRODUCT=5ac/24f/108
TYPE=0/0/0
BUSNUM=005
DEVNUM=046
SEQNUM=7965
USEC_INITIALIZED=5782084291
ID_BUS=usb
ID_MODEL=Keychron_K6
ID_MODEL_ENC=Keychron\x20K6
ID_MODEL_ID=024f
ID_SERIAL=Keychron_Keychron_K6
ID_VENDOR=Keychron
ID_VENDOR_ENC=Keychron
ID_VENDOR_ID=05ac
ID_REVISION=0108
ID_USB_MODEL=Keychron_K6
ID_USB_MODEL_ENC=Keychron\x20K6
ID_USB_MODEL_ID=024f
ID_USB_SERIAL=Keychron_Keychron_K6
ID_USB_VENDOR=Keychron
ID_USB_VENDOR_ENC=Keychron
ID_USB_VENDOR_ID=05ac
ID_USB_REVISION=0108
ID_USB_INTERFACES=:030101:030102:
ID_VENDOR_FROM_DATABASE=Apple, Inc.
ID_MODEL_FROM_DATABASE=Aluminium Keyboard (ANSI)
ID_PATH_WITH_USB_REVISION=pci-0000:0d:00.4-usbv2-0:2.1.4
ID_PATH=pci-0000:0d:00.4-usb-0:2.1.4
ID_PATH_TAG=pci-0000_0d_00_4-usb-0_2_1_4
ID_FOR_SEAT=usb-pci-0000_0d_00_4-usb-0_2_1_4
MAJOR=189
MINOR=557
TAGS=:seat:
CURRENT_TAGS=:seat:

UDEV  [5788.579430] unbind   /devices/pci0000:00/0000:00:08.1/0000:0d:00.4/usb5/5-2/5-2.1/5-2.1.4 (usb)
ACTION=unbind
DEVPATH=/devices/pci0000:00/0000:00:08.1/0000:0d:00.4/usb5/5-2/5-2.1/5-2.1.4
SUBSYSTEM=usb
DEVNAME=/dev/bus/usb/005/046
DEVTYPE=usb_device
PRODUCT=5ac/24f/108
TYPE=0/0/0
BUSNUM=005
DEVNUM=046
SEQNUM=7989
USEC_INITIALIZED=5782084291
ID_PATH_WITH_USB_REVISION=pci-0000:0d:00.4-usbv2-0:2.1.4
ID_PATH=pci-0000:0d:00.4-usb-0:2.1.4
ID_PATH_TAG=pci-0000_0d_00_4-usb-0_2_1_4
MAJOR=189
MINOR=557
TAGS=:seat:

UDEV  [5788.581494] remove   /devices/pci0000:00/0000:00:08.1/0000:0d:00.4/usb5/5-2/5-2.1/5-2.1.4 (usb)
ACTION=remove
DEVPATH=/devices/pci0000:00/0000:00:08.1/0000:0d:00.4/usb5/5-2/5-2.1/5-2.1.4
SUBSYSTEM=usb
DEVNAME=/dev/bus/usb/005/046
DEVTYPE=usb_device
PRODUCT=5ac/24f/108
TYPE=0/0/0
BUSNUM=005
DEVNUM=046
SEQNUM=7991
USEC_INITIALIZED=5782084291
ID_PATH_WITH_USB_REVISION=pci-0000:0d:00.4-usbv2-0:2.1.4
ID_PATH=pci-0000:0d:00.4-usb-0:2.1.4
ID_PATH_TAG=pci-0000_0d_00_4-usb-0_2_1_4
MAJOR=189
MINOR=557
TAGS=:seat:

UDEV  [5808.300588] add      /devices/pci0000:00/0000:00:08.1/0000:0d:00.4/usb5/5-2/5-2.1/5-2.1.4 (usb)
ACTION=add
DEVPATH=/devices/pci0000:00/0000:00:08.1/0000:0d:00.4/usb5/5-2/5-2.1/5-2.1.4
SUBSYSTEM=usb
DEVNAME=/dev/bus/usb/005/047
DEVTYPE=usb_device
PRODUCT=5ac/24f/108
TYPE=0/0/0
BUSNUM=005
DEVNUM=047
SEQNUM=8011
DRIVER=usb
USEC_INITIALIZED=5808189095
ID_BUS=usb
ID_MODEL=Keychron_K6
ID_MODEL_ENC=Keychron\x20K6
ID_MODEL_ID=024f
ID_SERIAL=Keychron_Keychron_K6
ID_VENDOR=Keychron
ID_VENDOR_ENC=Keychron
ID_VENDOR_ID=05ac
ID_REVISION=0108
ID_USB_MODEL=Keychron_K6
ID_USB_MODEL_ENC=Keychron\x20K6
ID_USB_MODEL_ID=024f
ID_USB_SERIAL=Keychron_Keychron_K6
ID_USB_VENDOR=Keychron
ID_USB_VENDOR_ENC=Keychron
ID_USB_VENDOR_ID=05ac
ID_USB_REVISION=0108
ID_USB_INTERFACES=:030101:030102:
ID_VENDOR_FROM_DATABASE=Apple, Inc.
ID_MODEL_FROM_DATABASE=Aluminium Keyboard (ANSI)
ID_PATH_WITH_USB_REVISION=pci-0000:0d:00.4-usbv2-0:2.1.4
ID_PATH=pci-0000:0d:00.4-usb-0:2.1.4
ID_PATH_TAG=pci-0000_0d_00_4-usb-0_2_1_4
ID_FOR_SEAT=usb-pci-0000_0d_00_4-usb-0_2_1_4
MAJOR=189
MINOR=558
TAGS=:seat:
CURRENT_TAGS=:seat:

UDEV  [5808.303268] change   /devices/pci0000:00/0000:00:08.1/0000:0d:00.4/usb5/5-2/5-2.1/5-2.1.4 (usb)
ACTION=change
DEVPATH=/devices/pci0000:00/0000:00:08.1/0000:0d:00.4/usb5/5-2/5-2.1/5-2.1.4
SUBSYSTEM=usb
DEVNAME=/dev/bus/usb/005/047
DEVTYPE=usb_device
DRIVER=usb
PRODUCT=5ac/24f/108
TYPE=0/0/0
BUSNUM=005
DEVNUM=047
SEQNUM=8012
USEC_INITIALIZED=5808189095
ID_BUS=usb
ID_MODEL=Keychron_K6
ID_MODEL_ENC=Keychron\x20K6
ID_MODEL_ID=024f
ID_SERIAL=Keychron_Keychron_K6
ID_VENDOR=Keychron
ID_VENDOR_ENC=Keychron
ID_VENDOR_ID=05ac
ID_REVISION=0108
ID_USB_MODEL=Keychron_K6
ID_USB_MODEL_ENC=Keychron\x20K6
ID_USB_MODEL_ID=024f
ID_USB_SERIAL=Keychron_Keychron_K6
ID_USB_VENDOR=Keychron
ID_USB_VENDOR_ENC=Keychron
ID_USB_VENDOR_ID=05ac
ID_USB_REVISION=0108
ID_USB_INTERFACES=:030101:030102:
ID_VENDOR_FROM_DATABASE=Apple, Inc.
ID_MODEL_FROM_DATABASE=Aluminium Keyboard (ANSI)
ID_PATH_WITH_USB_REVISION=pci-0000:0d:00.4-usbv2-0:2.1.4
ID_PATH=pci-0000:0d:00.4-usb-0:2.1.4
ID_PATH_TAG=pci-0000_0d_00_4-usb-0_2_1_4
NVME_HOST_IFACE=none
ID_FOR_SEAT=usb-pci-0000_0d_00_4-usb-0_2_1_4
MAJOR=189
MINOR=558
TAGS=:seat:
CURRENT_TAGS=:seat:

UDEV  [5808.362577] bind     /devices/pci0000:00/0000:00:08.1/0000:0d:00.4/usb5/5-2/5-2.1/5-2.1.4 (usb)
ACTION=bind
DEVPATH=/devices/pci0000:00/0000:00:08.1/0000:0d:00.4/usb5/5-2/5-2.1/5-2.1.4
SUBSYSTEM=usb
DEVNAME=/dev/bus/usb/005/047
DEVTYPE=usb_device
DRIVER=usb
PRODUCT=5ac/24f/108
TYPE=0/0/0
BUSNUM=005
DEVNUM=047
SEQNUM=8037
USEC_INITIALIZED=5808189095
ID_BUS=usb
ID_MODEL=Keychron_K6
ID_MODEL_ENC=Keychron\x20K6
ID_MODEL_ID=024f
ID_SERIAL=Keychron_Keychron_K6
ID_VENDOR=Keychron
ID_VENDOR_ENC=Keychron
ID_VENDOR_ID=05ac
ID_REVISION=0108
ID_USB_MODEL=Keychron_K6
ID_USB_MODEL_ENC=Keychron\x20K6
ID_USB_MODEL_ID=024f
ID_USB_SERIAL=Keychron_Keychron_K6
ID_USB_VENDOR=Keychron
ID_USB_VENDOR_ENC=Keychron
ID_USB_VENDOR_ID=05ac
ID_USB_REVISION=0108
ID_USB_INTERFACES=:030101:030102:
ID_VENDOR_FROM_DATABASE=Apple, Inc.
ID_MODEL_FROM_DATABASE=Aluminium Keyboard (ANSI)
ID_PATH_WITH_USB_REVISION=pci-0000:0d:00.4-usbv2-0:2.1.4
ID_PATH=pci-0000:0d:00.4-usb-0:2.1.4
ID_PATH_TAG=pci-0000_0d_00_4-usb-0_2_1_4
ID_FOR_SEAT=usb-pci-0000_0d_00_4-usb-0_2_1_4
MAJOR=189
MINOR=558
TAGS=:seat:
CURRENT_TAGS=:seat:

UDEV  [6055.202740] unbind   /devices/pci0000:00/0000:00:08.1/0000:0d:00.4/usb5/5-2/5-2.1/5-2.1.3 (usb)
ACTION=unbind
DEVPATH=/devices/pci0000:00/0000:00:08.1/0000:0d:00.4/usb5/5-2/5-2.1/5-2.1.3
SUBSYSTEM=usb
DEVNAME=/dev/bus/usb/005/045
DEVTYPE=usb_device
PRODUCT=2dc8/3106/114
TYPE=255/255/255
BUSNUM=005
DEVNUM=045
SEQNUM=8070
USEC_INITIALIZED=5468830148
ID_PATH_WITH_USB_REVISION=pci-0000:0d:00.4-usbv2-0:2.1.3
ID_PATH=pci-0000:0d:00.4-usb-0:2.1.3
ID_PATH_TAG=pci-0000_0d_00_4-usb-0_2_1_3
MAJOR=189
MINOR=556

UDEV  [6055.203968] remove   /devices/pci0000:00/0000:00:08.1/0000:0d:00.4/usb5/5-2/5-2.1/5-2.1.3 (usb)
ACTION=remove
DEVPATH=/devices/pci0000:00/0000:00:08.1/0000:0d:00.4/usb5/5-2/5-2.1/5-2.1.3
SUBSYSTEM=usb
DEVNAME=/dev/bus/usb/005/045
DEVTYPE=usb_device
PRODUCT=2dc8/3106/114
TYPE=255/255/255
BUSNUM=005
DEVNUM=045
SEQNUM=8071
USEC_INITIALIZED=5468830148
ID_PATH_WITH_USB_REVISION=pci-0000:0d:00.4-usbv2-0:2.1.3
ID_PATH=pci-0000:0d:00.4-usb-0:2.1.3
ID_PATH_TAG=pci-0000_0d_00_4-usb-0_2_1_3
MAJOR=189
MINOR=556

UDEV  [6055.694356] add      /devices/pci0000:00/0000:00:08.1/0000:0d:00.4/usb5/5-2/5-2.1/5-2.1.3 (usb)
ACTION=add
DEVPATH=/devices/pci0000:00/0000:00:08.1/0000:0d:00.4/usb5/5-2/5-2.1/5-2.1.3
SUBSYSTEM=usb
DEVNAME=/dev/bus/usb/005/048
DEVTYPE=usb_device
PRODUCT=2dc8/3109/200
TYPE=0/0/0
BUSNUM=005
DEVNUM=048
SEQNUM=8072
DRIVER=usb
USEC_INITIALIZED=6055584695
ID_BUS=usb
ID_MODEL=IDLE
ID_MODEL_ENC=IDLE
ID_MODEL_ID=3109
ID_SERIAL=8BitDo_IDLE_E417D8FD31F9
ID_SERIAL_SHORT=E417D8FD31F9
ID_VENDOR=8BitDo
ID_VENDOR_ENC=8BitDo
ID_VENDOR_ID=2dc8
ID_REVISION=0200
ID_USB_MODEL=IDLE
ID_USB_MODEL_ENC=IDLE
ID_USB_MODEL_ID=3109
ID_USB_SERIAL=8BitDo_IDLE_E417D8FD31F9
ID_USB_SERIAL_SHORT=E417D8FD31F9
ID_USB_VENDOR=8BitDo
ID_USB_VENDOR_ENC=8BitDo
ID_USB_VENDOR_ID=2dc8
ID_USB_REVISION=0200
ID_USB_INTERFACES=:030000:
ID_VENDOR_FROM_DATABASE=8BitDo
ID_PATH_WITH_USB_REVISION=pci-0000:0d:00.4-usbv2-0:2.1.3
ID_PATH=pci-0000:0d:00.4-usb-0:2.1.3
ID_PATH_TAG=pci-0000_0d_00_4-usb-0_2_1_3
ID_FOR_SEAT=usb-pci-0000_0d_00_4-usb-0_2_1_3
MAJOR=189
MINOR=559
TAGS=:seat:
CURRENT_TAGS=:seat:

UDEV  [6055.715780] bind     /devices/pci0000:00/0000:00:08.1/0000:0d:00.4/usb5/5-2/5-2.1/5-2.1.3 (usb)
ACTION=bind
DEVPATH=/devices/pci0000:00/0000:00:08.1/0000:0d:00.4/usb5/5-2/5-2.1/5-2.1.3
SUBSYSTEM=usb
DEVNAME=/dev/bus/usb/005/048
DEVTYPE=usb_device
DRIVER=usb
PRODUCT=2dc8/3109/200
TYPE=0/0/0
BUSNUM=005
DEVNUM=048
SEQNUM=8079
USEC_INITIALIZED=6055584695
ID_BUS=usb
ID_MODEL=IDLE
ID_MODEL_ENC=IDLE
ID_MODEL_ID=3109
ID_SERIAL=8BitDo_IDLE_E417D8FD31F9
ID_SERIAL_SHORT=E417D8FD31F9
ID_VENDOR=8BitDo
ID_VENDOR_ENC=8BitDo
ID_VENDOR_ID=2dc8
ID_REVISION=0200
ID_USB_MODEL=IDLE
ID_USB_MODEL_ENC=IDLE
ID_USB_MODEL_ID=3109
ID_USB_SERIAL=8BitDo_IDLE_E417D8FD31F9
ID_USB_SERIAL_SHORT=E417D8FD31F9
ID_USB_VENDOR=8BitDo
ID_USB_VENDOR_ENC=8BitDo
ID_USB_VENDOR_ID=2dc8
ID_USB_REVISION=0200
ID_USB_INTERFACES=:030000:
ID_VENDOR_FROM_DATABASE=8BitDo
ID_PATH_WITH_USB_REVISION=pci-0000:0d:00.4-usbv2-0:2.1.3
ID_PATH=pci-0000:0d:00.4-usb-0:2.1.3
ID_PATH_TAG=pci-0000_0d_00_4-usb-0_2_1_3
ID_FOR_SEAT=usb-pci-0000_0d_00_4-usb-0_2_1_3
MAJOR=189
MINOR=559
TAGS=:seat:
CURRENT_TAGS=:seat:

UDEV  [6085.409720] unbind   /devices/pci0000:00/0000:00:08.1/0000:0d:00.4/usb5/5-2/5-2.1/5-2.1.3 (usb)
ACTION=unbind
DEVPATH=/devices/pci0000:00/0000:00:08.1/0000:0d:00.4/usb5/5-2/5-2.1/5-2.1.3
SUBSYSTEM=usb
DEVNAME=/dev/bus/usb/005/048
DEVTYPE=usb_device
PRODUCT=2dc8/3109/200
TYPE=0/0/0
BUSNUM=005
DEVNUM=048
SEQNUM=8086
USEC_INITIALIZED=6055584695
ID_PATH_WITH_USB_REVISION=pci-0000:0d:00.4-usbv2-0:2.1.3
ID_PATH=pci-0000:0d:00.4-usb-0:2.1.3
ID_PATH_TAG=pci-0000_0d_00_4-usb-0_2_1_3
MAJOR=189
MINOR=559
TAGS=:seat:

UDEV  [6085.410932] remove   /devices/pci0000:00/0000:00:08.1/0000:0d:00.4/usb5/5-2/5-2.1/5-2.1.3 (usb)
ACTION=remove
DEVPATH=/devices/pci0000:00/0000:00:08.1/0000:0d:00.4/usb5/5-2/5-2.1/5-2.1.3
SUBSYSTEM=usb
DEVNAME=/dev/bus/usb/005/048
DEVTYPE=usb_device
PRODUCT=2dc8/3109/200
TYPE=0/0/0
BUSNUM=005
DEVNUM=048
SEQNUM=8087
USEC_INITIALIZED=6055584695
ID_PATH_WITH_USB_REVISION=pci-0000:0d:00.4-usbv2-0:2.1.3
ID_PATH=pci-0000:0d:00.4-usb-0:2.1.3
ID_PATH_TAG=pci-0000_0d_00_4-usb-0_2_1_3
MAJOR=189
MINOR=559
TAGS=:seat:

UDEV  [6085.829776] add      /devices/pci0000:00/0000:00:08.1/0000:0d:00.4/usb5/5-2/5-2.1/5-2.1.3 (usb)
ACTION=add
DEVPATH=/devices/pci0000:00/0000:00:08.1/0000:0d:00.4/usb5/5-2/5-2.1/5-2.1.3
SUBSYSTEM=usb
DEVNAME=/dev/bus/usb/005/049
DEVTYPE=usb_device
PRODUCT=2dc8/3106/114
TYPE=255/255/255
BUSNUM=005
DEVNUM=049
SEQNUM=8088
DRIVER=usb
USEC_INITIALIZED=6085739542
ID_BUS=usb
ID_MODEL=8BitDo_Ultimate_wireless_Controller_for_PC
ID_MODEL_ENC=8BitDo\x20Ultimate\x20wireless\x20Controller\x20for\x20PC
ID_MODEL_ID=3106
ID_SERIAL=8BitDo_8BitDo_Ultimate_wireless_Controller_for_PC_E417D8FD31F9
ID_SERIAL_SHORT=E417D8FD31F9
ID_VENDOR=8BitDo
ID_VENDOR_ENC=8BitDo
ID_VENDOR_ID=2dc8
ID_REVISION=0114
ID_USB_MODEL=8BitDo_Ultimate_wireless_Controller_for_PC
ID_USB_MODEL_ENC=8BitDo\x20Ultimate\x20wireless\x20Controller\x20for\x20PC
ID_USB_MODEL_ID=3106
ID_USB_SERIAL=8BitDo_8BitDo_Ultimate_wireless_Controller_for_PC_E417D8FD31F9
ID_USB_SERIAL_SHORT=E417D8FD31F9
ID_USB_VENDOR=8BitDo
ID_USB_VENDOR_ENC=8BitDo
ID_USB_VENDOR_ID=2dc8
ID_USB_REVISION=0114
ID_USB_INTERFACES=:ff5d01:
ID_VENDOR_FROM_DATABASE=8BitDo
ID_PATH_WITH_USB_REVISION=pci-0000:0d:00.4-usbv2-0:2.1.3
ID_PATH=pci-0000:0d:00.4-usb-0:2.1.3
ID_PATH_TAG=pci-0000_0d_00_4-usb-0_2_1_3
MAJOR=189
MINOR=560

UDEV  [6085.881377] bind     /devices/pci0000:00/0000:00:08.1/0000:0d:00.4/usb5/5-2/5-2.1/5-2.1.3 (usb)
ACTION=bind
DEVPATH=/devices/pci0000:00/0000:00:08.1/0000:0d:00.4/usb5/5-2/5-2.1/5-2.1.3
SUBSYSTEM=usb
DEVNAME=/dev/bus/usb/005/049
DEVTYPE=usb_device
DRIVER=usb
PRODUCT=2dc8/3106/114
TYPE=255/255/255
BUSNUM=005
DEVNUM=049
SEQNUM=8095
USEC_INITIALIZED=6085739542
ID_BUS=usb
ID_MODEL=8BitDo_Ultimate_wireless_Controller_for_PC
ID_MODEL_ENC=8BitDo\x20Ultimate\x20wireless\x20Controller\x20for\x20PC
ID_MODEL_ID=3106
ID_SERIAL=8BitDo_8BitDo_Ultimate_wireless_Controller_for_PC_E417D8FD31F9
ID_SERIAL_SHORT=E417D8FD31F9
ID_VENDOR=8BitDo
ID_VENDOR_ENC=8BitDo
ID_VENDOR_ID=2dc8
ID_REVISION=0114
ID_USB_MODEL=8BitDo_Ultimate_wireless_Controller_for_PC
ID_USB_MODEL_ENC=8BitDo\x20Ultimate\x20wireless\x20Controller\x20for\x20PC
ID_USB_MODEL_ID=3106
ID_USB_SERIAL=8BitDo_8BitDo_Ultimate_wireless_Controller_for_PC_E417D8FD31F9
ID_USB_SERIAL_SHORT=E417D8FD31F9
ID_USB_VENDOR=8BitDo
ID_USB_VENDOR_ENC=8BitDo
ID_USB_VENDOR_ID=2dc8
ID_USB_REVISION=0114
ID_USB_INTERFACES=:ff5d01:
ID_VENDOR_FROM_DATABASE=8BitDo
ID_PATH_WITH_USB_REVISION=pci-0000:0d:00.4-usbv2-0:2.1.3
ID_PATH=pci-0000:0d:00.4-usb-0:2.1.3
ID_PATH_TAG=pci-0000_0d_00_4-usb-0_2_1_3
MAJOR=189
MINOR=560

UDEV  [6097.441480] unbind   /devices/pci0000:00/0000:00:08.1/0000:0d:00.4/usb5/5-2/5-2.1/5-2.1.3 (usb)
ACTION=unbind
DEVPATH=/devices/pci0000:00/0000:00:08.1/0000:0d:00.4/usb5/5-2/5-2.1/5-2.1.3
SUBSYSTEM=usb
DEVNAME=/dev/bus/usb/005/049
DEVTYPE=usb_device
PRODUCT=2dc8/3106/114
TYPE=255/255/255
BUSNUM=005
DEVNUM=049
SEQNUM=8102
USEC_INITIALIZED=6085739542
ID_PATH_WITH_USB_REVISION=pci-0000:0d:00.4-usbv2-0:2.1.3
ID_PATH=pci-0000:0d:00.4-usb-0:2.1.3
ID_PATH_TAG=pci-0000_0d_00_4-usb-0_2_1_3
MAJOR=189
MINOR=560

UDEV  [6097.442829] remove   /devices/pci0000:00/0000:00:08.1/0000:0d:00.4/usb5/5-2/5-2.1/5-2.1.3 (usb)
ACTION=remove
DEVPATH=/devices/pci0000:00/0000:00:08.1/0000:0d:00.4/usb5/5-2/5-2.1/5-2.1.3
SUBSYSTEM=usb
DEVNAME=/dev/bus/usb/005/049
DEVTYPE=usb_device
PRODUCT=2dc8/3106/114
TYPE=255/255/255
BUSNUM=005
DEVNUM=049
SEQNUM=8103
USEC_INITIALIZED=6085739542
ID_PATH_WITH_USB_REVISION=pci-0000:0d:00.4-usbv2-0:2.1.3
ID_PATH=pci-0000:0d:00.4-usb-0:2.1.3
ID_PATH_TAG=pci-0000_0d_00_4-usb-0_2_1_3
MAJOR=189
MINOR=560

UDEV  [6098.349731] add      /devices/pci0000:00/0000:00:08.1/0000:0d:00.4/usb5/5-2/5-2.1/5-2.1.3 (usb)
ACTION=add
DEVPATH=/devices/pci0000:00/0000:00:08.1/0000:0d:00.4/usb5/5-2/5-2.1/5-2.1.3
SUBSYSTEM=usb
DEVNAME=/dev/bus/usb/005/050
DEVTYPE=usb_device
PRODUCT=2dc8/3109/200
TYPE=0/0/0
BUSNUM=005
DEVNUM=050
SEQNUM=8104
DRIVER=usb
USEC_INITIALIZED=6098255540
ID_BUS=usb
ID_MODEL=IDLE
ID_MODEL_ENC=IDLE
ID_MODEL_ID=3109
ID_SERIAL=8BitDo_IDLE_E417D8FD31F9
ID_SERIAL_SHORT=E417D8FD31F9
ID_VENDOR=8BitDo
ID_VENDOR_ENC=8BitDo
ID_VENDOR_ID=2dc8
ID_REVISION=0200
ID_USB_MODEL=IDLE
ID_USB_MODEL_ENC=IDLE
ID_USB_MODEL_ID=3109
ID_USB_SERIAL=8BitDo_IDLE_E417D8FD31F9
ID_USB_SERIAL_SHORT=E417D8FD31F9
ID_USB_VENDOR=8BitDo
ID_USB_VENDOR_ENC=8BitDo
ID_USB_VENDOR_ID=2dc8
ID_USB_REVISION=0200
ID_USB_INTERFACES=:030000:
ID_VENDOR_FROM_DATABASE=8BitDo
ID_PATH_WITH_USB_REVISION=pci-0000:0d:00.4-usbv2-0:2.1.3
ID_PATH=pci-0000:0d:00.4-usb-0:2.1.3
ID_PATH_TAG=pci-0000_0d_00_4-usb-0_2_1_3
ID_FOR_SEAT=usb-pci-0000_0d_00_4-usb-0_2_1_3
MAJOR=189
MINOR=561
TAGS=:seat:
CURRENT_TAGS=:seat:

UDEV  [6098.370519] bind     /devices/pci0000:00/0000:00:08.1/0000:0d:00.4/usb5/5-2/5-2.1/5-2.1.3 (usb)
ACTION=bind
DEVPATH=/devices/pci0000:00/0000:00:08.1/0000:0d:00.4/usb5/5-2/5-2.1/5-2.1.3
SUBSYSTEM=usb
DEVNAME=/dev/bus/usb/005/050
DEVTYPE=usb_device
DRIVER=usb
PRODUCT=2dc8/3109/200
TYPE=0/0/0
BUSNUM=005
DEVNUM=050
SEQNUM=8111
USEC_INITIALIZED=6098255540
ID_BUS=usb
ID_MODEL=IDLE
ID_MODEL_ENC=IDLE
ID_MODEL_ID=3109
ID_SERIAL=8BitDo_IDLE_E417D8FD31F9
ID_SERIAL_SHORT=E417D8FD31F9
ID_VENDOR=8BitDo
ID_VENDOR_ENC=8BitDo
ID_VENDOR_ID=2dc8
ID_REVISION=0200
ID_USB_MODEL=IDLE
ID_USB_MODEL_ENC=IDLE
ID_USB_MODEL_ID=3109
ID_USB_SERIAL=8BitDo_IDLE_E417D8FD31F9
ID_USB_SERIAL_SHORT=E417D8FD31F9
ID_USB_VENDOR=8BitDo
ID_USB_VENDOR_ENC=8BitDo
ID_USB_VENDOR_ID=2dc8
ID_USB_REVISION=0200
ID_USB_INTERFACES=:030000:
ID_VENDOR_FROM_DATABASE=8BitDo
ID_PATH_WITH_USB_REVISION=pci-0000:0d:00.4-usbv2-0:2.1.3
ID_PATH=pci-0000:0d:00.4-usb-0:2.1.3
ID_PATH_TAG=pci-0000_0d_00_4-usb-0_2_1_3
ID_FOR_SEAT=usb-pci-0000_0d_00_4-usb-0_2_1_3
MAJOR=189
MINOR=561
TAGS=:seat:
CURRENT_TAGS=:seat:

UDEV  [6129.185493] unbind   /devices/pci0000:00/0000:00:08.1/0000:0d:00.4/usb5/5-2/5-2.1/5-2.1.3 (usb)
ACTION=unbind
DEVPATH=/devices/pci0000:00/0000:00:08.1/0000:0d:00.4/usb5/5-2/5-2.1/5-2.1.3
SUBSYSTEM=usb
DEVNAME=/dev/bus/usb/005/050
DEVTYPE=usb_device
PRODUCT=2dc8/3109/200
TYPE=0/0/0
BUSNUM=005
DEVNUM=050
SEQNUM=8118
USEC_INITIALIZED=6098255540
ID_PATH_WITH_USB_REVISION=pci-0000:0d:00.4-usbv2-0:2.1.3
ID_PATH=pci-0000:0d:00.4-usb-0:2.1.3
ID_PATH_TAG=pci-0000_0d_00_4-usb-0_2_1_3
MAJOR=189
MINOR=561
TAGS=:seat:

UDEV  [6129.186760] remove   /devices/pci0000:00/0000:00:08.1/0000:0d:00.4/usb5/5-2/5-2.1/5-2.1.3 (usb)
ACTION=remove
DEVPATH=/devices/pci0000:00/0000:00:08.1/0000:0d:00.4/usb5/5-2/5-2.1/5-2.1.3
SUBSYSTEM=usb
DEVNAME=/dev/bus/usb/005/050
DEVTYPE=usb_device
PRODUCT=2dc8/3109/200
TYPE=0/0/0
BUSNUM=005
DEVNUM=050
SEQNUM=8119
USEC_INITIALIZED=6098255540
ID_PATH_WITH_USB_REVISION=pci-0000:0d:00.4-usbv2-0:2.1.3
ID_PATH=pci-0000:0d:00.4-usb-0:2.1.3
ID_PATH_TAG=pci-0000_0d_00_4-usb-0_2_1_3
MAJOR=189
MINOR=561
TAGS=:seat:

UDEV  [6129.829191] add      /devices/pci0000:00/0000:00:08.1/0000:0d:00.4/usb5/5-2/5-2.1/5-2.1.3 (usb)
ACTION=add
DEVPATH=/devices/pci0000:00/0000:00:08.1/0000:0d:00.4/usb5/5-2/5-2.1/5-2.1.3
SUBSYSTEM=usb
DEVNAME=/dev/bus/usb/005/051
DEVTYPE=usb_device
PRODUCT=2dc8/3106/114
TYPE=255/255/255
BUSNUM=005
DEVNUM=051
SEQNUM=8120
DRIVER=usb
USEC_INITIALIZED=6129733250
ID_BUS=usb
ID_MODEL=8BitDo_Ultimate_wireless_Controller_for_PC
ID_MODEL_ENC=8BitDo\x20Ultimate\x20wireless\x20Controller\x20for\x20PC
ID_MODEL_ID=3106
ID_SERIAL=8BitDo_8BitDo_Ultimate_wireless_Controller_for_PC_E417D8FD31F9
ID_SERIAL_SHORT=E417D8FD31F9
ID_VENDOR=8BitDo
ID_VENDOR_ENC=8BitDo
ID_VENDOR_ID=2dc8
ID_REVISION=0114
ID_USB_MODEL=8BitDo_Ultimate_wireless_Controller_for_PC
ID_USB_MODEL_ENC=8BitDo\x20Ultimate\x20wireless\x20Controller\x20for\x20PC
ID_USB_MODEL_ID=3106
ID_USB_SERIAL=8BitDo_8BitDo_Ultimate_wireless_Controller_for_PC_E417D8FD31F9
ID_USB_SERIAL_SHORT=E417D8FD31F9
ID_USB_VENDOR=8BitDo
ID_USB_VENDOR_ENC=8BitDo
ID_USB_VENDOR_ID=2dc8
ID_USB_REVISION=0114
ID_USB_INTERFACES=:ff5d01:
ID_VENDOR_FROM_DATABASE=8BitDo
ID_PATH_WITH_USB_REVISION=pci-0000:0d:00.4-usbv2-0:2.1.3
ID_PATH=pci-0000:0d:00.4-usb-0:2.1.3
ID_PATH_TAG=pci-0000_0d_00_4-usb-0_2_1_3
MAJOR=189
MINOR=562

UDEV  [6129.875350] bind     /devices/pci0000:00/0000:00:08.1/0000:0d:00.4/usb5/5-2/5-2.1/5-2.1.3 (usb)
ACTION=bind
DEVPATH=/devices/pci0000:00/0000:00:08.1/0000:0d:00.4/usb5/5-2/5-2.1/5-2.1.3
SUBSYSTEM=usb
DEVNAME=/dev/bus/usb/005/051
DEVTYPE=usb_device
DRIVER=usb
PRODUCT=2dc8/3106/114
TYPE=255/255/255
BUSNUM=005
DEVNUM=051
SEQNUM=8127
USEC_INITIALIZED=6129733250
ID_BUS=usb
ID_MODEL=8BitDo_Ultimate_wireless_Controller_for_PC
ID_MODEL_ENC=8BitDo\x20Ultimate\x20wireless\x20Controller\x20for\x20PC
ID_MODEL_ID=3106
ID_SERIAL=8BitDo_8BitDo_Ultimate_wireless_Controller_for_PC_E417D8FD31F9
ID_SERIAL_SHORT=E417D8FD31F9
ID_VENDOR=8BitDo
ID_VENDOR_ENC=8BitDo
ID_VENDOR_ID=2dc8
ID_REVISION=0114
ID_USB_MODEL=8BitDo_Ultimate_wireless_Controller_for_PC
ID_USB_MODEL_ENC=8BitDo\x20Ultimate\x20wireless\x20Controller\x20for\x20PC
ID_USB_MODEL_ID=3106
ID_USB_SERIAL=8BitDo_8BitDo_Ultimate_wireless_Controller_for_PC_E417D8FD31F9
ID_USB_SERIAL_SHORT=E417D8FD31F9
ID_USB_VENDOR=8BitDo
ID_USB_VENDOR_ENC=8BitDo
ID_USB_VENDOR_ID=2dc8
ID_USB_REVISION=0114
ID_USB_INTERFACES=:ff5d01:
ID_VENDOR_FROM_DATABASE=8BitDo
ID_PATH_WITH_USB_REVISION=pci-0000:0d:00.4-usbv2-0:2.1.3
ID_PATH=pci-0000:0d:00.4-usb-0:2.1.3
ID_PATH_TAG=pci-0000_0d_00_4-usb-0_2_1_3
MAJOR=189
MINOR=562

UDEV  [6139.425302] unbind   /devices/pci0000:00/0000:00:08.1/0000:0d:00.4/usb5/5-2/5-2.1/5-2.1.3 (usb)
ACTION=unbind
DEVPATH=/devices/pci0000:00/0000:00:08.1/0000:0d:00.4/usb5/5-2/5-2.1/5-2.1.3
SUBSYSTEM=usb
DEVNAME=/dev/bus/usb/005/051
DEVTYPE=usb_device
PRODUCT=2dc8/3106/114
TYPE=255/255/255
BUSNUM=005
DEVNUM=051
SEQNUM=8134
USEC_INITIALIZED=6129733250
ID_PATH_WITH_USB_REVISION=pci-0000:0d:00.4-usbv2-0:2.1.3
ID_PATH=pci-0000:0d:00.4-usb-0:2.1.3
ID_PATH_TAG=pci-0000_0d_00_4-usb-0_2_1_3
MAJOR=189
MINOR=562

UDEV  [6139.426567] remove   /devices/pci0000:00/0000:00:08.1/0000:0d:00.4/usb5/5-2/5-2.1/5-2.1.3 (usb)
ACTION=remove
DEVPATH=/devices/pci0000:00/0000:00:08.1/0000:0d:00.4/usb5/5-2/5-2.1/5-2.1.3
SUBSYSTEM=usb
DEVNAME=/dev/bus/usb/005/051
DEVTYPE=usb_device
PRODUCT=2dc8/3106/114
TYPE=255/255/255
BUSNUM=005
DEVNUM=051
SEQNUM=8135
USEC_INITIALIZED=6129733250
ID_PATH_WITH_USB_REVISION=pci-0000:0d:00.4-usbv2-0:2.1.3
ID_PATH=pci-0000:0d:00.4-usb-0:2.1.3
ID_PATH_TAG=pci-0000_0d_00_4-usb-0_2_1_3
MAJOR=189
MINOR=562

UDEV  [6140.333062] add      /devices/pci0000:00/0000:00:08.1/0000:0d:00.4/usb5/5-2/5-2.1/5-2.1.3 (usb)
ACTION=add
DEVPATH=/devices/pci0000:00/0000:00:08.1/0000:0d:00.4/usb5/5-2/5-2.1/5-2.1.3
SUBSYSTEM=usb
DEVNAME=/dev/bus/usb/005/052
DEVTYPE=usb_device
PRODUCT=2dc8/3109/200
TYPE=0/0/0
BUSNUM=005
DEVNUM=052
SEQNUM=8136
DRIVER=usb
USEC_INITIALIZED=6140225243
ID_BUS=usb
ID_MODEL=IDLE
ID_MODEL_ENC=IDLE
ID_MODEL_ID=3109
ID_SERIAL=8BitDo_IDLE_E417D8FD31F9
ID_SERIAL_SHORT=E417D8FD31F9
ID_VENDOR=8BitDo
ID_VENDOR_ENC=8BitDo
ID_VENDOR_ID=2dc8
ID_REVISION=0200
ID_USB_MODEL=IDLE
ID_USB_MODEL_ENC=IDLE
ID_USB_MODEL_ID=3109
ID_USB_SERIAL=8BitDo_IDLE_E417D8FD31F9
ID_USB_SERIAL_SHORT=E417D8FD31F9
ID_USB_VENDOR=8BitDo
ID_USB_VENDOR_ENC=8BitDo
ID_USB_VENDOR_ID=2dc8
ID_USB_REVISION=0200
ID_USB_INTERFACES=:030000:
ID_VENDOR_FROM_DATABASE=8BitDo
ID_PATH_WITH_USB_REVISION=pci-0000:0d:00.4-usbv2-0:2.1.3
ID_PATH=pci-0000:0d:00.4-usb-0:2.1.3
ID_PATH_TAG=pci-0000_0d_00_4-usb-0_2_1_3
ID_FOR_SEAT=usb-pci-0000_0d_00_4-usb-0_2_1_3
MAJOR=189
MINOR=563
TAGS=:seat:
CURRENT_TAGS=:seat:

UDEV  [6140.353342] bind     /devices/pci0000:00/0000:00:08.1/0000:0d:00.4/usb5/5-2/5-2.1/5-2.1.3 (usb)
ACTION=bind
DEVPATH=/devices/pci0000:00/0000:00:08.1/0000:0d:00.4/usb5/5-2/5-2.1/5-2.1.3
SUBSYSTEM=usb
DEVNAME=/dev/bus/usb/005/052
DEVTYPE=usb_device
DRIVER=usb
PRODUCT=2dc8/3109/200
TYPE=0/0/0
BUSNUM=005
DEVNUM=052
SEQNUM=8143
USEC_INITIALIZED=6140225243
ID_BUS=usb
ID_MODEL=IDLE
ID_MODEL_ENC=IDLE
ID_MODEL_ID=3109
ID_SERIAL=8BitDo_IDLE_E417D8FD31F9
ID_SERIAL_SHORT=E417D8FD31F9
ID_VENDOR=8BitDo
ID_VENDOR_ENC=8BitDo
ID_VENDOR_ID=2dc8
ID_REVISION=0200
ID_USB_MODEL=IDLE
ID_USB_MODEL_ENC=IDLE
ID_USB_MODEL_ID=3109
ID_USB_SERIAL=8BitDo_IDLE_E417D8FD31F9
ID_USB_SERIAL_SHORT=E417D8FD31F9
ID_USB_VENDOR=8BitDo
ID_USB_VENDOR_ENC=8BitDo
ID_USB_VENDOR_ID=2dc8
ID_USB_REVISION=0200
ID_USB_INTERFACES=:030000:
ID_VENDOR_FROM_DATABASE=8BitDo
ID_PATH_WITH_USB_REVISION=pci-0000:0d:00.4-usbv2-0:2.1.3
ID_PATH=pci-0000:0d:00.4-usb-0:2.1.3
ID_PATH_TAG=pci-0000_0d_00_4-usb-0_2_1_3
ID_FOR_SEAT=usb-pci-0000_0d_00_4-usb-0_2_1_3
MAJOR=189
MINOR=563
TAGS=:seat:
CURRENT_TAGS=:seat:

